// Jest Snapshot v1, https://goo.gl/fbAQLP

exports[`Base64 #encode gas cost of encode(<some html>) 1`] = `1525`;

exports[`Base64 #encode gas cost of encode(aLpHaBeT) 1`] = `1280`;

exports[`Base64 #encode gas cost of encode(alphabet soup) 1`] = `1759`;

exports[`Base64 #encode gas cost of encode(f) 1`] = `779`;

exports[`Base64 #encode gas cost of encode(fo) 1`] = `790`;

exports[`Base64 #encode gas cost of encode(foo) 1`] = `776`;

exports[`Base64 #encode gas cost of encode(foob) 1`] = `1024`;

exports[`Base64 #encode gas cost of encode(fooba) 1`] = `1035`;

exports[`Base64 #encode gas cost of encode(foobar) 1`] = `1021`;

exports[`Base64 #encode gas cost of encode(includes
newlines) 1`] = `2015`;

exports[`Base64 #encode gas cost of encode(test string) 1`] = `1525`;

exports[`Base64 #encode gas cost of encode(this is a test) 1`] = `1770`;

exports[`Base64 #encode gas cost of encode(this is a very long string that should cost a lot of gas to encode :)) 1`] = `6178`;

exports[`Base64 #encode gas cost of encode(ðŸ˜€) 1`] = `1024`;

exports[`Base64 #encode max size string (24kB) gas cost 1`] = `3793343`;
