// Jest Snapshot v1, https://goo.gl/fbAQLP

exports[`NonfungiblePositionManager bytecode size 1`] = `24362`;
