// Jest Snapshot v1, https://goo.gl/fbAQLP

exports[`OracleLibrary #consult gas test 1`] = `135303`;

exports[`OracleLibrary #getQuoteAtTick gas test 1`] = `43839`;
