// Jest Snapshot v1, https://goo.gl/fbAQLP

exports[`PoolAddress #computeAddress gas cost 1`] = `762`;

exports[`PoolAddress #computeAddress matches example from core repo 1`] = `"0xda1b524ba065AC00eda680e1d968D149AfcC0039"`;
