// Jest Snapshot v1, https://goo.gl/fbAQLP

exports[`UniswapV3Pool gas tests fee is off #burn above current price burn entire position after some time passes 1`] = `1960533`;

exports[`UniswapV3Pool gas tests fee is off #burn above current price burn when only position using ticks 1`] = `1960533`;

exports[`UniswapV3Pool gas tests fee is off #burn above current price entire position burn but other positions are using the ticks 1`] = `1575811`;

exports[`UniswapV3Pool gas tests fee is off #burn above current price partial position burn 1`] = `1575811`;

exports[`UniswapV3Pool gas tests fee is off #burn around current price burn entire position after some time passes 1`] = `2328487`;

exports[`UniswapV3Pool gas tests fee is off #burn around current price burn when only position using ticks 1`] = `2200257`;

exports[`UniswapV3Pool gas tests fee is off #burn around current price entire position burn but other positions are using the ticks 1`] = `1763251`;

exports[`UniswapV3Pool gas tests fee is off #burn around current price partial position burn 1`] = `1763263`;

exports[`UniswapV3Pool gas tests fee is off #burn below current price burn entire position after some time passes 1`] = `2065672`;

exports[`UniswapV3Pool gas tests fee is off #burn below current price burn when only position using ticks 1`] = `2065672`;

exports[`UniswapV3Pool gas tests fee is off #burn below current price entire position burn but other positions are using the ticks 1`] = `1576430`;

exports[`UniswapV3Pool gas tests fee is off #burn below current price partial position burn 1`] = `1576418`;

exports[`UniswapV3Pool gas tests fee is off #collect close to worst case 1`] = `1029192`;

exports[`UniswapV3Pool gas tests fee is off #increaseObservationCardinalityNext grow by 1 slot 1`] = `938512`;

exports[`UniswapV3Pool gas tests fee is off #increaseObservationCardinalityNext no op 1`] = `894822`;

exports[`UniswapV3Pool gas tests fee is off #mint above current price add to position after some time passes 1`] = `1950171`;

exports[`UniswapV3Pool gas tests fee is off #mint above current price add to position existing 1`] = `1950183`;

exports[`UniswapV3Pool gas tests fee is off #mint above current price new position mint first in range 1`] = `2077935`;

exports[`UniswapV3Pool gas tests fee is off #mint above current price second position in same range 1`] = `1950183`;

exports[`UniswapV3Pool gas tests fee is off #mint around current price add to position after some time passes 1`] = `2607278`;

exports[`UniswapV3Pool gas tests fee is off #mint around current price add to position existing 1`] = `2479036`;

exports[`UniswapV3Pool gas tests fee is off #mint around current price new position mint first in range 1`] = `2883872`;

exports[`UniswapV3Pool gas tests fee is off #mint around current price second position in same range 1`] = `2479024`;

exports[`UniswapV3Pool gas tests fee is off #mint below current price add to position after some time passes 1`] = `1951242`;

exports[`UniswapV3Pool gas tests fee is off #mint below current price add to position existing 1`] = `1951242`;

exports[`UniswapV3Pool gas tests fee is off #mint below current price new position mint first in range 1`] = `2355772`;

exports[`UniswapV3Pool gas tests fee is off #mint below current price second position in same range 1`] = `1951218`;

exports[`UniswapV3Pool gas tests fee is off #poke best case 1`] = `1125724`;

exports[`UniswapV3Pool gas tests fee is off #snapshotCumulativesInside tick above 1`] = `227194`;

exports[`UniswapV3Pool gas tests fee is off #snapshotCumulativesInside tick below 1`] = `227156`;

exports[`UniswapV3Pool gas tests fee is off #snapshotCumulativesInside tick inside 1`] = `329690`;

exports[`UniswapV3Pool gas tests fee is off #swapExact0For1 first swap in block moves tick, no initialized crossings 1`] = `2137153`;

exports[`UniswapV3Pool gas tests fee is off #swapExact0For1 first swap in block with no tick movement 1`] = `1710393`;

exports[`UniswapV3Pool gas tests fee is off #swapExact0For1 first swap in block, large swap crossing a single initialized tick 1`] = `2594644`;

exports[`UniswapV3Pool gas tests fee is off #swapExact0For1 first swap in block, large swap crossing several initialized ticks 1`] = `3593596`;

exports[`UniswapV3Pool gas tests fee is off #swapExact0For1 first swap in block, large swap, no initialized crossings 1`] = `2402415`;

exports[`UniswapV3Pool gas tests fee is off #swapExact0For1 large swap crossing several initialized ticks after some time passes 1`] = `3593584`;

exports[`UniswapV3Pool gas tests fee is off #swapExact0For1 large swap crossing several initialized ticks second time after some time passes 1`] = `3583144`;

exports[`UniswapV3Pool gas tests fee is off #swapExact0For1 second swap in block moves tick, no initialized crossings 1`] = `2137153`;

exports[`UniswapV3Pool gas tests fee is off #swapExact0For1 second swap in block with no tick movement 1`] = `1710504`;

exports[`UniswapV3Pool gas tests fee is off #swapExact0For1 second swap in block, large swap crossing a single initialized tick 1`] = `2323590`;

exports[`UniswapV3Pool gas tests fee is off #swapExact0For1 second swap in block, large swap crossing several initialized ticks 1`] = `3322471`;

exports[`UniswapV3Pool gas tests fee is on #burn above current price burn entire position after some time passes 1`] = `1960521`;

exports[`UniswapV3Pool gas tests fee is on #burn above current price burn when only position using ticks 1`] = `1960533`;

exports[`UniswapV3Pool gas tests fee is on #burn above current price entire position burn but other positions are using the ticks 1`] = `1575811`;

exports[`UniswapV3Pool gas tests fee is on #burn above current price partial position burn 1`] = `1575811`;

exports[`UniswapV3Pool gas tests fee is on #burn around current price burn entire position after some time passes 1`] = `2328475`;

exports[`UniswapV3Pool gas tests fee is on #burn around current price burn when only position using ticks 1`] = `2200257`;

exports[`UniswapV3Pool gas tests fee is on #burn around current price entire position burn but other positions are using the ticks 1`] = `1763263`;

exports[`UniswapV3Pool gas tests fee is on #burn around current price partial position burn 1`] = `1763263`;

exports[`UniswapV3Pool gas tests fee is on #burn below current price burn entire position after some time passes 1`] = `2065672`;

exports[`UniswapV3Pool gas tests fee is on #burn below current price burn when only position using ticks 1`] = `2065660`;

exports[`UniswapV3Pool gas tests fee is on #burn below current price entire position burn but other positions are using the ticks 1`] = `1576430`;

exports[`UniswapV3Pool gas tests fee is on #burn below current price partial position burn 1`] = `1576418`;

exports[`UniswapV3Pool gas tests fee is on #collect close to worst case 1`] = `1029192`;

exports[`UniswapV3Pool gas tests fee is on #increaseObservationCardinalityNext grow by 1 slot 1`] = `938500`;

exports[`UniswapV3Pool gas tests fee is on #increaseObservationCardinalityNext no op 1`] = `894822`;

exports[`UniswapV3Pool gas tests fee is on #mint above current price add to position after some time passes 1`] = `1950183`;

exports[`UniswapV3Pool gas tests fee is on #mint above current price add to position existing 1`] = `1950183`;

exports[`UniswapV3Pool gas tests fee is on #mint above current price new position mint first in range 1`] = `2077935`;

exports[`UniswapV3Pool gas tests fee is on #mint above current price second position in same range 1`] = `1950183`;

exports[`UniswapV3Pool gas tests fee is on #mint around current price add to position after some time passes 1`] = `2607278`;

exports[`UniswapV3Pool gas tests fee is on #mint around current price add to position existing 1`] = `2479048`;

exports[`UniswapV3Pool gas tests fee is on #mint around current price new position mint first in range 1`] = `2883872`;

exports[`UniswapV3Pool gas tests fee is on #mint around current price second position in same range 1`] = `2479024`;

exports[`UniswapV3Pool gas tests fee is on #mint below current price add to position after some time passes 1`] = `1951242`;

exports[`UniswapV3Pool gas tests fee is on #mint below current price add to position existing 1`] = `1951242`;

exports[`UniswapV3Pool gas tests fee is on #mint below current price new position mint first in range 1`] = `2355772`;

exports[`UniswapV3Pool gas tests fee is on #mint below current price second position in same range 1`] = `1951230`;

exports[`UniswapV3Pool gas tests fee is on #poke best case 1`] = `1125724`;

exports[`UniswapV3Pool gas tests fee is on #snapshotCumulativesInside tick above 1`] = `227194`;

exports[`UniswapV3Pool gas tests fee is on #snapshotCumulativesInside tick below 1`] = `227156`;

exports[`UniswapV3Pool gas tests fee is on #snapshotCumulativesInside tick inside 1`] = `329690`;

exports[`UniswapV3Pool gas tests fee is on #swapExact0For1 first swap in block moves tick, no initialized crossings 1`] = `2179434`;

exports[`UniswapV3Pool gas tests fee is on #swapExact0For1 first swap in block with no tick movement 1`] = `1752558`;

exports[`UniswapV3Pool gas tests fee is on #swapExact0For1 first swap in block, large swap crossing a single initialized tick 1`] = `2637065`;

exports[`UniswapV3Pool gas tests fee is on #swapExact0For1 first swap in block, large swap crossing several initialized ticks 1`] = `3636449`;

exports[`UniswapV3Pool gas tests fee is on #swapExact0For1 first swap in block, large swap, no initialized crossings 1`] = `2444997`;

exports[`UniswapV3Pool gas tests fee is on #swapExact0For1 large swap crossing several initialized ticks after some time passes 1`] = `3636437`;

exports[`UniswapV3Pool gas tests fee is on #swapExact0For1 large swap crossing several initialized ticks second time after some time passes 1`] = `3625985`;

exports[`UniswapV3Pool gas tests fee is on #swapExact0For1 second swap in block moves tick, no initialized crossings 1`] = `2179434`;

exports[`UniswapV3Pool gas tests fee is on #swapExact0For1 second swap in block with no tick movement 1`] = `1752669`;

exports[`UniswapV3Pool gas tests fee is on #swapExact0For1 second swap in block, large swap crossing a single initialized tick 1`] = `2365884`;

exports[`UniswapV3Pool gas tests fee is on #swapExact0For1 second swap in block, large swap crossing several initialized ticks 1`] = `3365209`;
